../Core/Src/main.c:94:5:main	8	static
../Core/Src/main.c:157:6:SystemClock_Config	88	static
../Core/Src/main.c:195:13:MX_ADC_Init	24	static
../Core/Src/main.c:257:13:MX_CAN_Init	8	static
../Core/Src/main.c:294:13:MX_TIM14_Init	8	static
../Core/Src/main.c:321:13:MX_DMA_Init	16	static
../Core/Src/main.c:339:13:MX_GPIO_Init	32	static
../Core/Src/main.c:363:6:HAL_GPIO_EXTI_Callback	16	static
../Core/Src/main.c:402:6:HAL_TIM_PeriodElapsedCallback	16	static
../Core/Src/main.c:420:6:Error_Handler	8	static,ignoring_inline_asm
